exports[`test renders correctly 1`] = `
<div
  className="dsEsVK"
  onClick={[Function]}
  z={1}>
  <div
    className="dQjxAA"
    onClickCapture={[Function]}>
    <div
      className="image">
      <img
        alt="Soup Can"
        src="can.jpg" />
    </div>
    <div
      className="details">
      <p
        className="name">
        Soup Can
      </p>
      <p
        className="status">
        Deleted: 
        false
         
        <br />
        Published: 
        true
         
        <br />
        Genomed: 
        true
      </p>
      <p
        className="links">
        View artwork in:
        <a
          href="https://helix.artsy.net/genome/artworks?artwork_ids=can"
          target="_blank">
          Helix
        </a>
        |
        <a
          href="https://cms.artsy.net/artworks/can/edit?current_partner_id=undefined"
          target="_blank">
          CMS
        </a>
        |
        <a
          href="https://www.artsy.net/artwork/can"
          target="_blank">
          Artsy.net
        </a>
      </p>
      <p
        className="links">
        View artist in:
        <a
          href="https://helix.artsy.net/genome/artist?search[genome_artist_id]=undefined"
          target="_blank">
          Helix
        </a>
      </p>
    </div>
  </div>
</div>
`;
