exports[`test renders correctly 1`] = `
<div
  className="igHpwR">
  <div
    className="gnEZXA">
    <a
      className="cancel gHceZM"
      href="#"
      onClick={[Function]}>
      Cancel
    </a>
    <div>
      3
       works selected
    </div>
    <button
      className="queue feplCa"
      disabled={true}
      onClick={[Function]}>
      Queue changes
    </button>
  </div>
  <div
    className="hfTCBQ" />
  <div
    className="kXtoxa">
    There arenâ€™t any genes that describe all of your selected works
  </div>
  <div
    className="GenericAutosuggest">
    <div
      className="react-autosuggest__container">
      <input
        aria-activedescendant={null}
        aria-autocomplete="list"
        aria-expanded={false}
        aria-haspopup={false}
        aria-owns="react-autowhatever-gene-autosuggest"
        autoComplete="off"
        className="react-autosuggest__input"
        onBlur={[Function]}
        onChange={[Function]}
        onFocus={[Function]}
        onKeyDown={[Function]}
        placeholder="Add a gene"
        role="combobox"
        type="text"
        value="" />
      <div
        className="react-autosuggest__suggestions-container"
        id="react-autowhatever-gene-autosuggest" />
    </div>
  </div>
  <div
    className="mluQ" />
  <div
    className="gungoz">
    <h1>
      Are you sure you want to queue these changes?
    </h1>
    <section>
      <p>
        You will be changing the genome of 
        3
         works
      </p>
    </section>
    <div
      className="kriMBh">
      <a
        className="dismiss jRkNFJ"
        href="#"
        onClick={[Function]}>
        Go back
      </a>
      <a
        className="accept jhxkip"
        href="#"
        onClick={[Function]}>
        Continue
      </a>
    </div>
  </div>
</div>
`;
