exports[`Notices renders correctly 1`] = `
<div
  className="beFtKA" />
`;
