exports[`"edit artworks" button does not render an edit button if there are no artworks 1`] = `
<div
  className="foqgVb">
  <div
    className="cMTqqq" />
  <div
    className="GenericAutosuggest">
    <div
      className="react-autosuggest__container">
      <input
        aria-activedescendant={null}
        aria-autocomplete="list"
        aria-expanded={false}
        aria-haspopup={false}
        aria-owns="react-autowhatever-gene-autosuggest"
        autoComplete="off"
        className="react-autosuggest__input"
        onBlur={[Function]}
        onChange={[Function]}
        onFocus={[Function]}
        onKeyDown={[Function]}
        placeholder="Add a gene"
        role="combobox"
        type="text"
        value="" />
      <div
        className="react-autosuggest__suggestions-container"
        id="react-autowhatever-gene-autosuggest" />
    </div>
  </div>
  <div
    className="GenericAutosuggest">
    <div
      className="react-autosuggest__container">
      <input
        aria-activedescendant={null}
        aria-autocomplete="list"
        aria-expanded={false}
        aria-haspopup={false}
        aria-owns="react-autowhatever-tag-autosuggest"
        autoComplete="off"
        className="react-autosuggest__input"
        onBlur={[Function]}
        onChange={[Function]}
        onFocus={[Function]}
        onKeyDown={[Function]}
        placeholder="Add a tag"
        role="combobox"
        type="text"
        value="" />
      <div
        className="react-autosuggest__suggestions-container"
        id="react-autowhatever-tag-autosuggest" />
    </div>
  </div>
  <div
    className="GenericAutosuggest">
    <div
      className="react-autosuggest__container">
      <input
        aria-activedescendant={null}
        aria-autocomplete="list"
        aria-expanded={false}
        aria-haspopup={false}
        aria-owns="react-autowhatever-partner-autosuggest"
        autoComplete="off"
        className="react-autosuggest__input"
        onBlur={[Function]}
        onChange={[Function]}
        onFocus={[Function]}
        onKeyDown={[Function]}
        placeholder="Select a partner"
        role="combobox"
        type="text"
        value="" />
      <div
        className="react-autosuggest__suggestions-container"
        id="react-autowhatever-partner-autosuggest" />
    </div>
  </div>
  <div
    className="GenericAutosuggest">
    <div
      className="react-autosuggest__container">
      <input
        aria-activedescendant={null}
        aria-autocomplete="list"
        aria-expanded={false}
        aria-haspopup={false}
        aria-owns="react-autowhatever-fair-autosuggest"
        autoComplete="off"
        className="react-autosuggest__input"
        onBlur={[Function]}
        onChange={[Function]}
        onFocus={[Function]}
        onKeyDown={[Function]}
        placeholder="Select a fair"
        role="combobox"
        type="text"
        value="" />
      <div
        className="react-autosuggest__suggestions-container"
        id="react-autowhatever-fair-autosuggest" />
    </div>
  </div>
  <div
    className="iFTuzH">
    <input
      onChange={[Function]}
      onKeyPress={[Function]}
      placeholder="Created after date"
      type="text"
      value="" />
    <div
      className="parsed">
      <a
        href="#"
        onClick={[Function]} />
    </div>
  </div>
  <div
    className="iFTuzH">
    <input
      onChange={[Function]}
      onKeyPress={[Function]}
      placeholder="Created before date"
      type="text"
      value="" />
    <div
      className="parsed">
      <a
        href="#"
        onClick={[Function]} />
    </div>
  </div>
  <div
    className="gxGcSj">
    <div
      className="filter">
      <div>
        Published?
      </div>
      <a
        className="active"
        href="#"
        onClick={[Function]}>
        All
      </a>
      <a
        className={null}
        href="#"
        onClick={[Function]}>
        Published
      </a>
      <a
        className={null}
        href="#"
        onClick={[Function]}>
        Not published
      </a>
    </div>
    <div
      className="filter">
      <div>
        Genomed?
      </div>
      <a
        className="active"
        href="#"
        onClick={[Function]}>
        All
      </a>
      <a
        className={null}
        href="#"
        onClick={[Function]}>
        Genomed
      </a>
      <a
        className={null}
        href="#"
        onClick={[Function]}>
        Not genomed
      </a>
    </div>
  </div>
</div>
`;

exports[`"edit artworks" button renders a disabled edit button if there are artworks, but none selected 1`] = `
<div
  className="foqgVb">
  <div
    className="cMTqqq" />
  <div
    className="GenericAutosuggest">
    <div
      className="react-autosuggest__container">
      <input
        aria-activedescendant={null}
        aria-autocomplete="list"
        aria-expanded={false}
        aria-haspopup={false}
        aria-owns="react-autowhatever-gene-autosuggest"
        autoComplete="off"
        className="react-autosuggest__input"
        onBlur={[Function]}
        onChange={[Function]}
        onFocus={[Function]}
        onKeyDown={[Function]}
        placeholder="Add a gene"
        role="combobox"
        type="text"
        value="" />
      <div
        className="react-autosuggest__suggestions-container"
        id="react-autowhatever-gene-autosuggest" />
    </div>
  </div>
  <div
    className="GenericAutosuggest">
    <div
      className="react-autosuggest__container">
      <input
        aria-activedescendant={null}
        aria-autocomplete="list"
        aria-expanded={false}
        aria-haspopup={false}
        aria-owns="react-autowhatever-tag-autosuggest"
        autoComplete="off"
        className="react-autosuggest__input"
        onBlur={[Function]}
        onChange={[Function]}
        onFocus={[Function]}
        onKeyDown={[Function]}
        placeholder="Add a tag"
        role="combobox"
        type="text"
        value="" />
      <div
        className="react-autosuggest__suggestions-container"
        id="react-autowhatever-tag-autosuggest" />
    </div>
  </div>
  <div
    className="GenericAutosuggest">
    <div
      className="react-autosuggest__container">
      <input
        aria-activedescendant={null}
        aria-autocomplete="list"
        aria-expanded={false}
        aria-haspopup={false}
        aria-owns="react-autowhatever-partner-autosuggest"
        autoComplete="off"
        className="react-autosuggest__input"
        onBlur={[Function]}
        onChange={[Function]}
        onFocus={[Function]}
        onKeyDown={[Function]}
        placeholder="Select a partner"
        role="combobox"
        type="text"
        value="" />
      <div
        className="react-autosuggest__suggestions-container"
        id="react-autowhatever-partner-autosuggest" />
    </div>
  </div>
  <div
    className="GenericAutosuggest">
    <div
      className="react-autosuggest__container">
      <input
        aria-activedescendant={null}
        aria-autocomplete="list"
        aria-expanded={false}
        aria-haspopup={false}
        aria-owns="react-autowhatever-fair-autosuggest"
        autoComplete="off"
        className="react-autosuggest__input"
        onBlur={[Function]}
        onChange={[Function]}
        onFocus={[Function]}
        onKeyDown={[Function]}
        placeholder="Select a fair"
        role="combobox"
        type="text"
        value="" />
      <div
        className="react-autosuggest__suggestions-container"
        id="react-autowhatever-fair-autosuggest" />
    </div>
  </div>
  <div
    className="iFTuzH">
    <input
      onChange={[Function]}
      onKeyPress={[Function]}
      placeholder="Created after date"
      type="text"
      value="" />
    <div
      className="parsed">
      <a
        href="#"
        onClick={[Function]} />
    </div>
  </div>
  <div
    className="iFTuzH">
    <input
      onChange={[Function]}
      onKeyPress={[Function]}
      placeholder="Created before date"
      type="text"
      value="" />
    <div
      className="parsed">
      <a
        href="#"
        onClick={[Function]} />
    </div>
  </div>
  <div
    className="gxGcSj">
    <div
      className="filter">
      <div>
        Published?
      </div>
      <a
        className="active"
        href="#"
        onClick={[Function]}>
        All
      </a>
      <a
        className={null}
        href="#"
        onClick={[Function]}>
        Published
      </a>
      <a
        className={null}
        href="#"
        onClick={[Function]}>
        Not published
      </a>
    </div>
    <div
      className="filter">
      <div>
        Genomed?
      </div>
      <a
        className="active"
        href="#"
        onClick={[Function]}>
        All
      </a>
      <a
        className={null}
        href="#"
        onClick={[Function]}>
        Genomed
      </a>
      <a
        className={null}
        href="#"
        onClick={[Function]}>
        Not genomed
      </a>
    </div>
  </div>
  <button
    className="dsgyEb"
    disabled={true}>
    Edit Artworks
  </button>
</div>
`;

exports[`"edit artworks" button renders an enabled edit button if there are selected artworks 1`] = `
<div
  className="foqgVb">
  <div
    className="cMTqqq" />
  <div
    className="GenericAutosuggest">
    <div
      className="react-autosuggest__container">
      <input
        aria-activedescendant={null}
        aria-autocomplete="list"
        aria-expanded={false}
        aria-haspopup={false}
        aria-owns="react-autowhatever-gene-autosuggest"
        autoComplete="off"
        className="react-autosuggest__input"
        onBlur={[Function]}
        onChange={[Function]}
        onFocus={[Function]}
        onKeyDown={[Function]}
        placeholder="Add a gene"
        role="combobox"
        type="text"
        value="" />
      <div
        className="react-autosuggest__suggestions-container"
        id="react-autowhatever-gene-autosuggest" />
    </div>
  </div>
  <div
    className="GenericAutosuggest">
    <div
      className="react-autosuggest__container">
      <input
        aria-activedescendant={null}
        aria-autocomplete="list"
        aria-expanded={false}
        aria-haspopup={false}
        aria-owns="react-autowhatever-tag-autosuggest"
        autoComplete="off"
        className="react-autosuggest__input"
        onBlur={[Function]}
        onChange={[Function]}
        onFocus={[Function]}
        onKeyDown={[Function]}
        placeholder="Add a tag"
        role="combobox"
        type="text"
        value="" />
      <div
        className="react-autosuggest__suggestions-container"
        id="react-autowhatever-tag-autosuggest" />
    </div>
  </div>
  <div
    className="GenericAutosuggest">
    <div
      className="react-autosuggest__container">
      <input
        aria-activedescendant={null}
        aria-autocomplete="list"
        aria-expanded={false}
        aria-haspopup={false}
        aria-owns="react-autowhatever-partner-autosuggest"
        autoComplete="off"
        className="react-autosuggest__input"
        onBlur={[Function]}
        onChange={[Function]}
        onFocus={[Function]}
        onKeyDown={[Function]}
        placeholder="Select a partner"
        role="combobox"
        type="text"
        value="" />
      <div
        className="react-autosuggest__suggestions-container"
        id="react-autowhatever-partner-autosuggest" />
    </div>
  </div>
  <div
    className="GenericAutosuggest">
    <div
      className="react-autosuggest__container">
      <input
        aria-activedescendant={null}
        aria-autocomplete="list"
        aria-expanded={false}
        aria-haspopup={false}
        aria-owns="react-autowhatever-fair-autosuggest"
        autoComplete="off"
        className="react-autosuggest__input"
        onBlur={[Function]}
        onChange={[Function]}
        onFocus={[Function]}
        onKeyDown={[Function]}
        placeholder="Select a fair"
        role="combobox"
        type="text"
        value="" />
      <div
        className="react-autosuggest__suggestions-container"
        id="react-autowhatever-fair-autosuggest" />
    </div>
  </div>
  <div
    className="iFTuzH">
    <input
      onChange={[Function]}
      onKeyPress={[Function]}
      placeholder="Created after date"
      type="text"
      value="" />
    <div
      className="parsed">
      <a
        href="#"
        onClick={[Function]} />
    </div>
  </div>
  <div
    className="iFTuzH">
    <input
      onChange={[Function]}
      onKeyPress={[Function]}
      placeholder="Created before date"
      type="text"
      value="" />
    <div
      className="parsed">
      <a
        href="#"
        onClick={[Function]} />
    </div>
  </div>
  <div
    className="gxGcSj">
    <div
      className="filter">
      <div>
        Published?
      </div>
      <a
        className="active"
        href="#"
        onClick={[Function]}>
        All
      </a>
      <a
        className={null}
        href="#"
        onClick={[Function]}>
        Published
      </a>
      <a
        className={null}
        href="#"
        onClick={[Function]}>
        Not published
      </a>
    </div>
    <div
      className="filter">
      <div>
        Genomed?
      </div>
      <a
        className="active"
        href="#"
        onClick={[Function]}>
        All
      </a>
      <a
        className={null}
        href="#"
        onClick={[Function]}>
        Genomed
      </a>
      <a
        className={null}
        href="#"
        onClick={[Function]}>
        Not genomed
      </a>
    </div>
  </div>
  <button
    className="iAICvi"
    onClick={undefined}>
     Edit Artworks 
  </button>
</div>
`;

exports[`test does not render fair autosuggest if fair is already selected 1`] = `
<div
  className="foqgVb">
  <div
    className="cMTqqq">
    <div>
      <h2>
        Fair
      </h2>
      <div
        className="crrNnH">
        Nice Fair
        <a
          className="remove"
          href="#"
          onClick={[Function]}>
          ✕
        </a>
      </div>
    </div>
  </div>
  <div
    className="GenericAutosuggest">
    <div
      className="react-autosuggest__container">
      <input
        aria-activedescendant={null}
        aria-autocomplete="list"
        aria-expanded={false}
        aria-haspopup={false}
        aria-owns="react-autowhatever-gene-autosuggest"
        autoComplete="off"
        className="react-autosuggest__input"
        onBlur={[Function]}
        onChange={[Function]}
        onFocus={[Function]}
        onKeyDown={[Function]}
        placeholder="Add a gene"
        role="combobox"
        type="text"
        value="" />
      <div
        className="react-autosuggest__suggestions-container"
        id="react-autowhatever-gene-autosuggest" />
    </div>
  </div>
  <div
    className="GenericAutosuggest">
    <div
      className="react-autosuggest__container">
      <input
        aria-activedescendant={null}
        aria-autocomplete="list"
        aria-expanded={false}
        aria-haspopup={false}
        aria-owns="react-autowhatever-tag-autosuggest"
        autoComplete="off"
        className="react-autosuggest__input"
        onBlur={[Function]}
        onChange={[Function]}
        onFocus={[Function]}
        onKeyDown={[Function]}
        placeholder="Add a tag"
        role="combobox"
        type="text"
        value="" />
      <div
        className="react-autosuggest__suggestions-container"
        id="react-autowhatever-tag-autosuggest" />
    </div>
  </div>
  <div
    className="GenericAutosuggest">
    <div
      className="react-autosuggest__container">
      <input
        aria-activedescendant={null}
        aria-autocomplete="list"
        aria-expanded={false}
        aria-haspopup={false}
        aria-owns="react-autowhatever-partner-autosuggest"
        autoComplete="off"
        className="react-autosuggest__input"
        onBlur={[Function]}
        onChange={[Function]}
        onFocus={[Function]}
        onKeyDown={[Function]}
        placeholder="Select a partner"
        role="combobox"
        type="text"
        value="" />
      <div
        className="react-autosuggest__suggestions-container"
        id="react-autowhatever-partner-autosuggest" />
    </div>
  </div>
  <div
    className="iFTuzH">
    <input
      onChange={[Function]}
      onKeyPress={[Function]}
      placeholder="Created after date"
      type="text"
      value="" />
    <div
      className="parsed">
      <a
        href="#"
        onClick={[Function]} />
    </div>
  </div>
  <div
    className="iFTuzH">
    <input
      onChange={[Function]}
      onKeyPress={[Function]}
      placeholder="Created before date"
      type="text"
      value="" />
    <div
      className="parsed">
      <a
        href="#"
        onClick={[Function]} />
    </div>
  </div>
  <div
    className="gxGcSj">
    <div
      className="filter">
      <div>
        Published?
      </div>
      <a
        className="active"
        href="#"
        onClick={[Function]}>
        All
      </a>
      <a
        className={null}
        href="#"
        onClick={[Function]}>
        Published
      </a>
      <a
        className={null}
        href="#"
        onClick={[Function]}>
        Not published
      </a>
    </div>
    <div
      className="filter">
      <div>
        Genomed?
      </div>
      <a
        className="active"
        href="#"
        onClick={[Function]}>
        All
      </a>
      <a
        className={null}
        href="#"
        onClick={[Function]}>
        Genomed
      </a>
      <a
        className={null}
        href="#"
        onClick={[Function]}>
        Not genomed
      </a>
    </div>
  </div>
</div>
`;

exports[`test does not render partner autosuggest if partner is already selected 1`] = `
<div
  className="foqgVb">
  <div
    className="cMTqqq">
    <div>
      <h2>
        Partner
      </h2>
      <div
        className="crrNnH">
        Nice Gallery
        <a
          className="remove"
          href="#"
          onClick={[Function]}>
          ✕
        </a>
      </div>
    </div>
  </div>
  <div
    className="GenericAutosuggest">
    <div
      className="react-autosuggest__container">
      <input
        aria-activedescendant={null}
        aria-autocomplete="list"
        aria-expanded={false}
        aria-haspopup={false}
        aria-owns="react-autowhatever-gene-autosuggest"
        autoComplete="off"
        className="react-autosuggest__input"
        onBlur={[Function]}
        onChange={[Function]}
        onFocus={[Function]}
        onKeyDown={[Function]}
        placeholder="Add a gene"
        role="combobox"
        type="text"
        value="" />
      <div
        className="react-autosuggest__suggestions-container"
        id="react-autowhatever-gene-autosuggest" />
    </div>
  </div>
  <div
    className="GenericAutosuggest">
    <div
      className="react-autosuggest__container">
      <input
        aria-activedescendant={null}
        aria-autocomplete="list"
        aria-expanded={false}
        aria-haspopup={false}
        aria-owns="react-autowhatever-tag-autosuggest"
        autoComplete="off"
        className="react-autosuggest__input"
        onBlur={[Function]}
        onChange={[Function]}
        onFocus={[Function]}
        onKeyDown={[Function]}
        placeholder="Add a tag"
        role="combobox"
        type="text"
        value="" />
      <div
        className="react-autosuggest__suggestions-container"
        id="react-autowhatever-tag-autosuggest" />
    </div>
  </div>
  <div
    className="GenericAutosuggest">
    <div
      className="react-autosuggest__container">
      <input
        aria-activedescendant={null}
        aria-autocomplete="list"
        aria-expanded={false}
        aria-haspopup={false}
        aria-owns="react-autowhatever-fair-autosuggest"
        autoComplete="off"
        className="react-autosuggest__input"
        onBlur={[Function]}
        onChange={[Function]}
        onFocus={[Function]}
        onKeyDown={[Function]}
        placeholder="Select a fair"
        role="combobox"
        type="text"
        value="" />
      <div
        className="react-autosuggest__suggestions-container"
        id="react-autowhatever-fair-autosuggest" />
    </div>
  </div>
  <div
    className="iFTuzH">
    <input
      onChange={[Function]}
      onKeyPress={[Function]}
      placeholder="Created after date"
      type="text"
      value="" />
    <div
      className="parsed">
      <a
        href="#"
        onClick={[Function]} />
    </div>
  </div>
  <div
    className="iFTuzH">
    <input
      onChange={[Function]}
      onKeyPress={[Function]}
      placeholder="Created before date"
      type="text"
      value="" />
    <div
      className="parsed">
      <a
        href="#"
        onClick={[Function]} />
    </div>
  </div>
  <div
    className="gxGcSj">
    <div
      className="filter">
      <div>
        Published?
      </div>
      <a
        className="active"
        href="#"
        onClick={[Function]}>
        All
      </a>
      <a
        className={null}
        href="#"
        onClick={[Function]}>
        Published
      </a>
      <a
        className={null}
        href="#"
        onClick={[Function]}>
        Not published
      </a>
    </div>
    <div
      className="filter">
      <div>
        Genomed?
      </div>
      <a
        className="active"
        href="#"
        onClick={[Function]}>
        All
      </a>
      <a
        className={null}
        href="#"
        onClick={[Function]}>
        Genomed
      </a>
      <a
        className={null}
        href="#"
        onClick={[Function]}>
        Not genomed
      </a>
    </div>
  </div>
</div>
`;

exports[`test renders correctly 1`] = `
<div
  className="foqgVb">
  <div
    className="cMTqqq" />
  <div
    className="GenericAutosuggest">
    <div
      className="react-autosuggest__container">
      <input
        aria-activedescendant={null}
        aria-autocomplete="list"
        aria-expanded={false}
        aria-haspopup={false}
        aria-owns="react-autowhatever-gene-autosuggest"
        autoComplete="off"
        className="react-autosuggest__input"
        onBlur={[Function]}
        onChange={[Function]}
        onFocus={[Function]}
        onKeyDown={[Function]}
        placeholder="Add a gene"
        role="combobox"
        type="text"
        value="" />
      <div
        className="react-autosuggest__suggestions-container"
        id="react-autowhatever-gene-autosuggest" />
    </div>
  </div>
  <div
    className="GenericAutosuggest">
    <div
      className="react-autosuggest__container">
      <input
        aria-activedescendant={null}
        aria-autocomplete="list"
        aria-expanded={false}
        aria-haspopup={false}
        aria-owns="react-autowhatever-tag-autosuggest"
        autoComplete="off"
        className="react-autosuggest__input"
        onBlur={[Function]}
        onChange={[Function]}
        onFocus={[Function]}
        onKeyDown={[Function]}
        placeholder="Add a tag"
        role="combobox"
        type="text"
        value="" />
      <div
        className="react-autosuggest__suggestions-container"
        id="react-autowhatever-tag-autosuggest" />
    </div>
  </div>
  <div
    className="GenericAutosuggest">
    <div
      className="react-autosuggest__container">
      <input
        aria-activedescendant={null}
        aria-autocomplete="list"
        aria-expanded={false}
        aria-haspopup={false}
        aria-owns="react-autowhatever-partner-autosuggest"
        autoComplete="off"
        className="react-autosuggest__input"
        onBlur={[Function]}
        onChange={[Function]}
        onFocus={[Function]}
        onKeyDown={[Function]}
        placeholder="Select a partner"
        role="combobox"
        type="text"
        value="" />
      <div
        className="react-autosuggest__suggestions-container"
        id="react-autowhatever-partner-autosuggest" />
    </div>
  </div>
  <div
    className="GenericAutosuggest">
    <div
      className="react-autosuggest__container">
      <input
        aria-activedescendant={null}
        aria-autocomplete="list"
        aria-expanded={false}
        aria-haspopup={false}
        aria-owns="react-autowhatever-fair-autosuggest"
        autoComplete="off"
        className="react-autosuggest__input"
        onBlur={[Function]}
        onChange={[Function]}
        onFocus={[Function]}
        onKeyDown={[Function]}
        placeholder="Select a fair"
        role="combobox"
        type="text"
        value="" />
      <div
        className="react-autosuggest__suggestions-container"
        id="react-autowhatever-fair-autosuggest" />
    </div>
  </div>
  <div
    className="iFTuzH">
    <input
      onChange={[Function]}
      onKeyPress={[Function]}
      placeholder="Created after date"
      type="text"
      value="" />
    <div
      className="parsed">
      <a
        href="#"
        onClick={[Function]} />
    </div>
  </div>
  <div
    className="iFTuzH">
    <input
      onChange={[Function]}
      onKeyPress={[Function]}
      placeholder="Created before date"
      type="text"
      value="" />
    <div
      className="parsed">
      <a
        href="#"
        onClick={[Function]} />
    </div>
  </div>
  <div
    className="gxGcSj">
    <div
      className="filter">
      <div>
        Published?
      </div>
      <a
        className="active"
        href="#"
        onClick={[Function]}>
        All
      </a>
      <a
        className={null}
        href="#"
        onClick={[Function]}>
        Published
      </a>
      <a
        className={null}
        href="#"
        onClick={[Function]}>
        Not published
      </a>
    </div>
    <div
      className="filter">
      <div>
        Genomed?
      </div>
      <a
        className="active"
        href="#"
        onClick={[Function]}>
        All
      </a>
      <a
        className={null}
        href="#"
        onClick={[Function]}>
        Genomed
      </a>
      <a
        className={null}
        href="#"
        onClick={[Function]}>
        Not genomed
      </a>
    </div>
  </div>
</div>
`;
