exports[`test renders correctly 1`] = `
<div
  className="Artwork">
  <h1>
    title
  </h1>
  <h2>
    andy warhol
  </h2>
  <img
    src="soup-can.jpg" />
</div>
`;
