// Jest Snapshot v1, https://goo.gl/fbAQLP

exports[`renders correctly 1`] = `
<div>
  Foo Name
  <a
    className="remove"
    href="#"
    onClick={[Function]}
  >
    âœ•
  </a>
</div>
`;
