// Jest Snapshot v1, https://goo.gl/fbAQLP

exports[`renders correctly 1`] = `
<div
  className="GenericAutosuggest"
>
  <div
    aria-expanded={false}
    aria-haspopup="listbox"
    aria-owns="react-autowhatever-attribution-class-autosuggest"
    className="react-autosuggest__container"
    role="combobox"
  >
    <input
      aria-activedescendant={null}
      aria-autocomplete="list"
      aria-controls="react-autowhatever-attribution-class-autosuggest"
      autoComplete="off"
      className="react-autosuggest__input"
      onBlur={[Function]}
      onChange={[Function]}
      onFocus={[Function]}
      onKeyDown={[Function]}
      placeholder="Select an attribution class"
      type="text"
      value=""
    />
    <div
      className="react-autosuggest__suggestions-container"
      id="react-autowhatever-attribution-class-autosuggest"
      role="listbox"
    />
  </div>
</div>
`;
