// Jest Snapshot v1, https://goo.gl/fbAQLP

exports[`renders correctly 1`] = `
<div>
  <h2>
    Partner
  </h2>
  <div
    className="crrNnH"
  >
    Gagosian
    <a
      className="remove"
      href="#"
      onClick={[Function]}
    >
      âœ•
    </a>
  </div>
</div>
`;
