exports[`test renders correctly 1`] = `
<div>
  <h2>
    Fair
  </h2>
  <div
    className="crrNnH">
    Frieze
    <a
      className="remove"
      href="#"
      onClick={[Function]}>
      âœ•
    </a>
  </div>
</div>
`;
